55a4b2c00000-55a4b2c0a000 r--p 00000000 fd:01 1234567   /usr/bin/python3.12
Size:                 40 kB
Rss:                  36 kB
Pss:                  18 kB
Shared_Clean:         36 kB
Private_Clean:         0 kB
VmFlags: rd mr mw me dw
55a4c1000000-55a4c1200000 rw-p 00000000 00:00 0          [heap]
Size:               2048 kB
Rss:                1024 kB
Pss:                1020 kB
Shared_Clean:          0 kB
Private_Dirty:      1024 kB
VmFlags: rd wr mr mw me ac
7f1234567000-7f1234580000 r-xp 00000000 fd:01 9999       /usr/lib/x86_64-linux-gnu/libpython3.12.so.1.0
Size:                100 kB
Rss:                  80 kB
Pss:                  40 kB
Shared_Clean:         80 kB
VmFlags: rd ex mr mw me
7f1234580000-7f1234582000 rw-p 00000000 00:00 0          [anon:libc_malloc]
Size:                  8 kB
Rss:                   8 kB
Pss:                   8 kB
Private_Dirty:         8 kB
VmFlags: rd wr mr mw me ac
7f1234582000-7f1234584000 rw-p 00000000 00:00 0
Size:                  8 kB
Rss:                   4 kB
Pss:                   4 kB
Private_Dirty:         4 kB
VmFlags: rd wr mr mw me ac
7fffe1234000-7fffe1255000 rw-p 00000000 00:00 0          [stack]
Size:                132 kB
Rss:                  16 kB
Pss:                  16 kB
Private_Dirty:        16 kB
VmFlags: rd wr mr mw me gd ac
