7f1234500000-7f1234580000 r-xp 00000000 fd:01 9999       /usr/lib/x86_64-linux-gnu/libfoo.so
Size:                512 kB
Rss:                 400 kB
Pss:                 200 kB
VmFlags: rd ex mr mw me
7f1234580000-7f1234590000 rw-p 00000000 00:00 0
Size:                 64 kB
Rss:                  60 kB
Pss:                  60 kB
Private_Dirty:        60 kB
VmFlags: rd wr mr mw me ac
7f1234600000-7f1234700000 rw-p 00000000 00:00 0
Size:               1024 kB
Rss:                1000 kB
Pss:                1000 kB
Private_Dirty:      1000 kB
VmFlags: rd wr mr mw me ac
7f8000000000-7f8000800000 rw-p 00000000 00:00 0
Size:               8192 kB
Rss:                  16 kB
Pss:                  16 kB
Private_Dirty:        16 kB
VmFlags: rd wr mr mw me ac
7f9000000000-7f9000080000 r-xp 00000000 fd:01 8888       /usr/lib/libbar.so
Size:                512 kB
Rss:                 400 kB
Pss:                 200 kB
VmFlags: rd ex mr mw me
7f9000200000-7f9000210000 rw-p 00000000 00:00 0
Size:                 64 kB
Rss:                  60 kB
Pss:                  60 kB
Private_Dirty:        60 kB
VmFlags: rd wr mr mw me ac
